../Core/Src/main.c:65:6:send_Idata	40	static
../Core/Src/main.c:86:6:send_command	16	static
../Core/Src/main.c:95:6:lcd_init	8	static
../Core/Src/main.c:101:6:send_data	16	static
../Core/Src/main.c:112:6:lcd_puts	16	static
../Core/Src/main.c:120:6:lcd_clear	8	static
../Core/Src/main.c:126:6:lcd_gotoxy	16	static
../Core/Src/main.c:140:6:delay	16	static
../Core/Src/main.c:151:6:HAL_TIM_IC_CaptureCallback	16	static
../Core/Src/main.c:179:6:HAL_RTC_AlarmAEventCallback	16	static
../Core/Src/main.c:193:7:HYSRF05_Read	16	static
../Core/Src/main.c:190:5:main	16	static
../Core/Src/main.c:257:6:SystemClock_Config	88	static
../Core/Src/main.c:304:13:MX_RTC_Init	24	static
../Core/Src/main.c:374:13:MX_TIM1_Init	32	static
../Core/Src/main.c:423:13:MX_USART3_UART_Init	8	static
../Core/Src/main.c:456:13:MX_GPIO_Init	40	static
../Core/Src/main.c:502:6:Error_Handler	4	static,ignoring_inline_asm
